This is the matrix for the Nimble NBK-2104-5/S DIN 5 Keyboard

This assumes the fpc connectors ordered from left to right (1-26) are all wired to their respective Teensy 4.0 I/O pin (1-26)
  

int Row_IO[rows_max] = {3, 4, 6, 8, 10, 11, 12, 13, 14, 16, 18, 20, 21, 22, 23, 25};
int Col_IO[cols_max] = {1, 5, 7, 9, 15, 17, 19, 26};

int normal[rows_max][cols_max] = {
{0,0,0,0,0,KEY_SYSTEM_SLEEP,0,0},
{0,KEY_ESC,KEY_1,KEY_2,KEY_3,KEY_4,KEY_5,KEY_6},
{KEY_7,KEY_8,KEY_9,KEY_0,KEY_MINUS,KEY_EQUAL,KEY_BACKSPACE,KEY_TAB},
{KEY_Q,KEY_W,KEY_E,KEY_R,KEY_T,KEY_Y,KEY_U,KEY_I},
{KEY_D,KEY_F,KEY_G,KEY_H,KEY_J,KEY_K,KEY_L,KEY_SEMICOLON},
{KEY_QUOTE,KEY_TILDE,KEY_END,0,KEY_Z,KEY_X,KEY_C,KEY_V},
{KEY_B,KEY_N,KEY_M,KEY_COMMA,KEY_PERIOD,KEY_SLASH,KEY_DELETE,KEYPAD_ASTERIX},
{KEY_O,KEY_P,KEY_LEFT_BRACE,KEY_RIGHT_BRACE,KEY_ENTER,KEY_DOWN,KEY_A,KEY_S},
{KEY_F6,KEY_F7,KEY_F8,KEY_F9,KEY_F10,KEY_NUM_LOCK,0,KEYPAD_7},
{KEYPAD_8,KEYPAD_9,KEYPAD_MINUS,KEYPAD_4,KEYPAD_5,KEYPAD_6,KEYPAD_PLUS,KEYPAD_1},
{KEYPAD_2,KEYPAD_3,KEYPAD_0,KEYPAD_PERIOD,KEYPAD_ENTER,KEY_F11,KEY_F12,KEY_PRINTSCREEN},
{KEY_BACKSLASH,KEY_HOME,KEY_UP,KEY_PAGE_UP,KEY_PAUSE,KEY_LEFT,KEY_RIGHT,KEY_INSERT},
{KEY_CAPS_LOCK,KEY_SPACE,KEY_PAGE_DOWN,KEY_F1,KEY_F2,KEY_F3,KEY_F4,KEY_F5},
{0,KEY_SYSTEM_WAKE_UP,0,0,KEY_SYSTEM_POWER_DOWN,0,0,KEYPAD_SLASH},
{0,0,0,0,0,0,0,0},
{0,0,0,0,0,0,0,0}
};

int modifier[rows_max][cols_max] = {
{0,MODIFIERKEY_GUI,0,0,0,0,0,0},
{0,0,0,0,0,0,0,0},
{0,0,0,0,0,0,0,0},
{0,0,0,0,0,0,0,0},
{0,0,0,0,0,0,0,0},
{0,0,0,0,0,0,0,0},
{0,0,0,0,0,0,0,0},
{0,0,0,0,0,0,0,0},
{0,0,0,0,0,0,0,0},
{0,0,0,0,0,0,0,0},
{0,0,0,0,0,0,0,0},
{0,0,0,0,0,0,0,0},
{0,0,0,0,0,0,0,0},
{0,0,MODIFIERKEY_LEFT_CTRL,MODIFIERKEY_RIGHT_CTRL,0,0,0,0},
{MODIFIERKEY_LEFT_SHIFT,0,0,0,MODIFIERKEY_RIGHT_SHIFT,0,0,0},
{0,0,0,0,0,MODIFIERKEY_LEFT_ALT,MODIFIERKEY_RIGHT_ALT,0},
};
